test deleted_source_resource_planned_for_cleanup ... ok
test plan_makes_no_file_changes_and_is_deterministic ... ok

test result: ok. 10 passed; 0 failed; 0 ignored; 0 measured; 0 filtered out; finished in 0.01s

     Running tests/t7t8_test.rs (target/debug/deps/t7t8_test-e68c114d866c9d1c)

running 2 tests
test alva_agents_toml_create_and_resync ... ok
test cursor_antigravity_rules_end_to_end ... ok

test result: ok. 2 passed; 0 failed; 0 ignored; 0 measured; 0 filtered out; finished in 0.66s

     Running tests/test_isolation.rs (target/debug/deps/test_isolation-f08dc817f8c68547)

running 2 tests
test runner_overrides_do_not_leak_into_sentinel_paths ... ok
test no_override_vars_falls_back_to_home_layout ... ok

test result: ok. 2 passed; 0 failed; 0 ignored; 0 measured; 0 filtered out; finished in 0.74s

     Running tests/workspace.rs (target/debug/deps/workspace-ed43ee2126304406)

running 5 tests
test discovery_fails_without_git_or_declaration ... ok
test cache_key_stable_across_root_path_changes_of_same_remote ... ok
test declaration_root_resources_write_to_current_checkout ... ok
test layout_binding_and_cache_partitioning ... ok
test two_worktrees_different_bindings_do_not_interfere ... ok

test result: ok. 5 passed; 0 failed; 0 ignored; 0 measured; 0 filtered out; finished in 0.22s

   Doc-tests ailoom

running 0 tests

test result: ok. 0 passed; 0 failed; 0 ignored; 0 measured; 0 filtered out; finished in 0.00s

error: 1 target failed:
    `--lib`
exit=0
