   Compiling ailoom v0.1.0 (<repo>)
error[E0308]: `if` and `else` have incompatible types
   --> src/profile.rs:297:9
    |
294 |       let prefix = if path.ends_with('/') {
    |  __________________-
295 | |         path.clone()
    | |         ------------ expected because of this
296 | |     } else {
297 | |         format!("{path}/")
    | |         ^^^^^^^^^^^^^^^^^^ expected `&str`, found `String`
298 | |     };
    | |_____- `if` and `else` have incompatible types
    |
    = note: this error originates in the macro `format` (in Nightly builds, run with -Z macro-backtrace for more info)

warning: variable does not need to be mutable
   --> src/repo_registry.rs:193:9
    |
193 |     let mut finish = |info: &mut Option<WorktreeInfo>, out: &mut Vec<WorktreeInfo>| {
    |         ----^^^^^^
    |         |
    |         help: remove this `mut`
    |
    = note: `#[warn(unused_mut)]` (part of `#[warn(unused)]`) on by default

For more information about this error, try `rustc --explain E0308`.
warning: `ailoom` (lib) generated 1 warning
error: could not compile `ailoom` (lib) due to 1 previous error; 1 warning emitted
warning: build failed, waiting for other jobs to finish...
warning: `ailoom` (lib test) generated 1 warning (1 duplicate)
error: could not compile `ailoom` (lib test) due to 1 previous error; 1 warning emitted
CARGO_EXIT=101
