   Compiling ailoom v0.1.0 (<repo>)
    Finished `test` profile [unoptimized + debuginfo] target(s) in 8.01s
     Running unittests src/lib.rs (target/debug/deps/ailoom-c9b6355038f592a7)

running 89 tests
test events::auto_sync::tests::due_respects_ttl ... ok
test error::tests::exit_codes_follow_segment_table ... ok
test adapters::common::tests::fragment_markers_contain_resource_id ... ok
test adapters::capability::tests::mcp_capabilities_record_trust_notes ... ok
test adapters::capability::tests::unknown_capabilities_stay_unknown ... ok
test adapters::capability::tests::codex_skill_uses_native_dir_and_requires_session ... ok
test error::tests::error_json_has_stable_fields ... ok
test adapters::common::tests::fragment_roundtrip_preserves_user_text ... ok
test events::auto_sync::tests::parse_interval_days ... ok
test gitx::tests::redact_hides_password_keeps_utf8 ... ok
test gitx::tests::normalize_urls_strips_credentials_and_case ... ok
test knowledge::search::tests::cjk_bigrams_and_ascii_words ... ok
test events::schema::tests::unknown_fields_are_tolerated ... ok
test events::schema::tests::bad_version_and_type_rejected ... ok
test learning::tests::target_decision_matrix ... ok
test paths::tests::layout_partitions_by_anchor_and_workspace ... ok
test packages::tests::exact_version_validation_matrix ... ok
test paths::tests::empty_xdg_does_not_count_as_set ... ok
test paths::tests::explicit_root_wins_over_xdg_and_env ... ok
test learning::tests::parse_requires_title_and_body ... ok
test learning::tests::stable_id_ignores_whitespace_differences_only_in_body_trim ... ok
test learning::tests::identity_prefers_name_and_persist_is_idempotent ... ok
test personal_instructions::tests::claude_additive_never_touches_company_files ... ok
test learning::tests::render_roundtrip_preserves_hostile_strings ... ok
[ailoom:warn] 旧默认目录 /var/folders/ct/65l3f8k577x1kjkbmw3rvc140000gn/T/.tmptDGoLu/home/.ailoom 迁移到 XDG 规范位置失败：继续使用旧目录（数据保持可达）
test personal_instructions::tests::codex_view_includes_unadjusted_baseline_and_managed_section ... ok
test paths::tests::migration_failure_falls_back_to_legacy ... ok
test git_exclude::tests::stale_managed_block_is_replaced_cleanly ... ok
test personal_instructions::tests::worktree_entry_overrides_repo_entry ... ok
test personal_library::tests::escaping_link_and_symlink_rejected ... ok
test profile::tests::deeper_template_overrides_shallower ... ok
test profile::tests::duplicate_subproject_path_rejected_same_layer_conflict ... ok
test profile::tests::empty_profile_is_valid_and_means_pure_v1 ... ok
test profile::tests::host_three_state_layers ... ok
test profile::tests::layering_priority_team_repo_subproject_worktree ... ok
test profile::tests::personal_only_resource_enabled_without_team ... ok
test profile::tests::toml_roundtrip_preserves_tri_states_and_empty_layers ... ok
test profile::tests::unset_vs_inherit_vs_disable_distinguished ... ok
test profile::tests::worktree_override_and_wt_subproject_top_priority ... ok
[ailoom:info] 已把旧默认 /var/folders/ct/65l3f8k577x1kjkbmw3rvc140000gn/T/.tmprXRg0v/home/.ailoom 的 store/ws/cache 一次性迁移到 XDG 规范位置（~/.local/share/ailoom、~/.local/state/ailoom），旧 store 位置保留兼容链接
test personal_library::tests::ensure_library_is_idempotent_and_offline ... ok
test git_exclude::tests::user_lines_preserved_and_refcount_works ... ok
test paths::tests::legacy_home_migrates_to_xdg_spec_locations ... ok
test paths::tests::ailoom_env_used_when_xdg_unset ... ok
[ailoom:info] 已把旧默认 /var/folders/ct/65l3f8k577x1kjkbmw3rvc140000gn/T/.tmpNdgv63/home/.ailoom 的 store/ws/cache 一次性迁移到 XDG 规范位置（~/.local/share/ailoom、~/.local/state/ailoom），旧 store 位置保留兼容链接
test paths::tests::migration_keeps_legacy_links_reachable_and_device_identity ... ok
test repo_registry::tests::nongit_dir_classified_as_path_mode ... ok
test repo_registry::tests::broken_git_file_is_error_not_nongit ... ok
[ailoom:warn] 旧默认目录 /var/folders/ct/65l3f8k577x1kjkbmw3rvc140000gn/T/.tmpMeCZu5/home/.ailoom 迁移到 XDG 规范位置失败：继续使用旧目录（数据保持可达）
[ailoom:info] 已把旧默认 /var/folders/ct/65l3f8k577x1kjkbmw3rvc140000gn/T/.tmpMeCZu5/home/.ailoom 的 store/ws/cache 一次性迁移到 XDG 规范位置（~/.local/share/ailoom、~/.local/state/ailoom），旧 store 位置保留兼容链接
test paths::tests::partial_failure_cleans_empty_roots_and_retry_completes ... ok
test paths::tests::xdg_beats_ailoom_env ... ok
test paths::tests::xdg_spec_defaults_when_no_overrides ... ok
test personal_library::tests::name_override_and_invalid_name ... ok
test personal_library::tests::import_without_frontmatter_gets_metadata_and_validates ... ok
test resolver::tests::different_target_keys_ok ... ok
test resolver::tests::same_target_key_different_ids_conflict ... ok
test resource::tests::frontmatter_parses_and_body_preserved ... ok
test resource::tests::no_frontmatter_returns_none ... ok
test skill_source::provider_tests::verified_samples_parse ... ok
test skill_source::tests::meta_roundtrip_and_legacy_semantics ... ok
test source::tests::corrupted_lock_file_is_reported_not_repaired ... ok
test source::tests::tree_digest_is_order_stable_and_content_sensitive ... ok
test store::tests::layout_is_key_then_skill_under_skills_root ... ok
test store::tests::normalize_git_ssh_and_https_same_key ... ok
test store::tests::source_key_roundtrip ... ok
test sync::apply::tests::accepts_missing_empty_and_existing_hooks_object ... ok
test sync::apply::tests::nested_pointer_creates_object_intermediate_and_array_leaf ... ok
test sync::apply::tests::null_values_treated_as_missing ... ok
test sync::apply::tests::shallow_and_root_pointers ... ok
test sync::apply::tests::type_conflicts_fail_explicitly ... ok
test sync::lock::tests::release_refuses_when_owner_overwritten ... ok
test sync::lock::tests::second_acquire_fails_while_held ... ok
test gitx::tests::git_command_uses_arg_array_with_spaces ... ok
test repo_registry::tests::subdir_of_repo_keeps_git_identity ... ok
test repo_registry::tests::no_remote_repo_still_git_identity ... ok
test workflow::tests::create_bind_put_and_spec_review_flow ... ok
test workspace::tests::no_root_is_error_not_global_default ... ok
test workflow::tests::library_skill_digest_detects_content_change ... ok
test workspace::tests::explicit_root_takes_priority ... ok
test repo_registry::tests::prunable_state_visible_when_worktree_dir_missing ... ok
test workspace::tests::paths_are_not_lowercased ... ok
test workspace::tests::declaration_inside_repo_binds_nearest_directory ... ok
test workspace::tests::root_and_deep_subdir_same_workspace ... ok
test repo_registry::tests::main_and_linked_worktree_same_repo_identity ... ok
test workspace::tests::spaces_and_chinese_paths_work ... ok
test repo_registry::tests::bare_repo_is_container_not_deployable ... ok
test repo_registry::tests::register_subproject_persists ... ok
test repo_registry::tests::detached_and_locked_states_visible ... ok
test workspace::tests::symlinks_resolve_to_same_workspace ... ok
test repo_registry::tests::registry_refresh_marks_missing_and_relink_restores ... ok
test workspace::tests::worktrees_share_anchor_but_have_distinct_ids ... ok
test repo_registry::tests::same_origin_clones_are_distinct_repos_with_suggestion ... ok
test repo_registry::tests::subproject_checks_boundaries ... ok

test result: ok. 89 passed; 0 failed; 0 ignored; 0 measured; 0 filtered out; finished in 2.91s

     Running unittests src/main.rs (target/debug/deps/ailoom-fd2cc7dd0d324e0a)

running 0 tests

test result: ok. 0 passed; 0 failed; 0 ignored; 0 measured; 0 filtered out; finished in 0.00s

     Running tests/adapters.rs (target/debug/deps/adapters-fffa8e465be6183d)

running 14 tests
test mcp_unmanaged_same_name_conflicts_not_overwritten ... ok
test mcp_codex_http_and_stdio_and_secret_ref_rejected ... ok
test conditional_rule_is_unsupported_for_codex_not_silently_global ... ok
test agents_render_for_claude_and_unsupported_for_codex ... ok
test selected_env_kind_deploys_literal_vars_now_supported ... ok
test agent_missing_instructions_fails_render ... ok
test mcp_corrupt_config_not_clobbered ... ok
test closed_tool_gets_no_directory ... ok
test ail041_codex_native_skill_path_and_capability_query ... ok
test mcp_json_and_toml_merge_preserve_user_entries ... ok
test rules_preserve_user_content_and_no_duplicate_fragments ... ok
test ail041_legacy_codex_path_migrates_on_resync ... ok
test user_level_host_configs_never_touched ... ok
test skills_deploy_to_both_tools_with_references ... ok

test result: ok. 14 passed; 0 failed; 0 ignored; 0 measured; 0 filtered out; finished in 5.54s

     Running tests/adapters_next.rs (target/debug/deps/adapters_next-ff5125e9cdaa7ef3)

running 16 tests
test packages_real_npm_install ... ignored, 需要真实 npm registry 网络；离线环境跳过并在卡面记录边界
test packages_check_reports_missing_and_install_gated ... ok
test packages_install_skips_npm_when_satisfied ... ok
test team_hook_registered_and_user_hooks_preserved ... ok
test culture_and_env_repeated_sync_no_duplicates ... ok
test env_user_variable_not_overwritten_and_uninstall_removes_own ... ok
test packages_install_reports_post_install_state ... ok
test env_literal_vars_deployed_secret_refs_rejected_without_plaintext ... ok
test team_hooks_same_event_first_sync_from_empty_settings ... ok
test packages_exact_version_semantics_and_idempotent_satisfaction ... ok
test team_hook_exec_timeout_covers_detached_pipe_holders ... ok
test team_hooks_same_event_stable_across_resync ... ok
test uninstall_removes_managed_env_entries_and_keeps_user_data ... ok
test team_hook_exec_output_timeout_and_failure_semantics ... ok
test packages_reject_ranges_and_conflicting_versions ... ok
test team_hook_first_sync_creates_nested_config ... ok

test result: ok. 15 passed; 0 failed; 1 ignored; 0 measured; 0 filtered out; finished in 6.63s

     Running tests/auto_sync.rs (target/debug/deps/auto_sync-0a696199d154e09b)

running 3 tests
test auto_sync_disabled_by_env ... ok
test auto_sync_ttl_skips_second_hook ... ok
test sync_refresh_flag_ok ... ok

test result: ok. 3 passed; 0 failed; 0 ignored; 0 measured; 0 filtered out; finished in 1.08s

     Running tests/builtin_resources.rs (target/debug/deps/builtin_resources-a68e43158c37be4a)

running 4 tests
test no_builtin_flag_skips_deployment ... ok
test uninstall_removes_builtins_too ... ok
test builtins_deployed_with_sync ... ok
test recall_manual_entry_always_available ... ok

test result: ok. 4 passed; 0 failed; 0 ignored; 0 measured; 0 filtered out; finished in 1.05s

     Running tests/cli.rs (target/debug/deps/cli-ca2554068b8b7dad)

running 6 tests
test version_returns_zero_and_prints ... ok
test unknown_arg_is_nonzero_usage_error ... ok
test unknown_schema_of_env_does_not_affect_cli ... ok
test json_stdout_is_parseable_and_log_free ... ok
test no_subcommand_is_usage_error ... ok
test help_and_long_version_return_zero ... ok

test result: ok. 6 passed; 0 failed; 0 ignored; 0 measured; 0 filtered out; finished in 0.02s

     Running tests/code_graph.rs (target/debug/deps/code_graph-b7edea8de3bd2b75)

running 7 tests
test graph_query_provides_evidence_beyond_text_baseline ... ok
test same_name_symbols_across_files_stay_distinct ... ok
test extraction_locations_and_dependencies_accurate ... ok
test same_file_nested_module_symbols_get_scoped_identities ... ok
test incremental_update_equivalent_to_full_and_no_dangling_edges ... ok
test uncommitted_worktree_changes_stale_query_and_rebuild_recovers ... ok
test code_query_reports_stale_graph_after_revision_change ... ok

test result: ok. 7 passed; 0 failed; 0 ignored; 0 measured; 0 filtered out; finished in 0.92s

     Running tests/console_e2e.rs (target/debug/deps/console_e2e-2122ac2cc44ec832)

running 2 tests
test ail051_offline_then_existing_library_across_worktrees ... ok
test ail051_existing_team_declaration_overlay ... ok

test result: ok. 2 passed; 0 failed; 0 ignored; 0 measured; 0 filtered out; finished in 1.56s

     Running tests/console_onboarding.rs (target/debug/deps/console_onboarding-93d207fad30a7e7b)

running 1 test
test ail047_onboarding_first_run_closed_loop ... ok

test result: ok. 1 passed; 0 failed; 0 ignored; 0 measured; 0 filtered out; finished in 5.03s

     Running tests/console_server.rs (target/debug/deps/console_server-d816d516d3892c55)

running 11 tests
test ail050_cancel_at_safe_boundary ... ok
test ail046_port_recovery_and_session_isolation ... ok
test ail046_repo_discover_requires_approved_root ... ok
test ail069_mcp_secret_boundary_in_editor ... ok
[ailoom:info] 已恢复 2 个持久化任务（其中 0 个标记为中断）
test ail046_discover_draft_conflict_and_shutdown ... ok
test ail050_stale_plan_rejected ... ok
test ail046_security_matrix ... ok
test ail054_export_boundary_fingerprint_and_backup ... ok
test ail048_repo_default_preview_across_worktrees ... ok
test ail072_undo_conflict_and_restart_recovery ... ok
test ail050_plan_apply_verify_undo_cycle ... ok

test result: ok. 11 passed; 0 failed; 0 ignored; 0 measured; 0 filtered out; finished in 0.83s

     Running tests/contribution.rs (target/debug/deps/contribution-0f14adb798ae38f6)

running 4 tests
test push_creates_branch_on_remote_without_touching_business_repo ... ok
test machine_data_never_staged ... ok
test retry_reuses_changeset_and_branch ... ok
test remote_diverged_surfaces_diverged_error ... ok

test result: ok. 4 passed; 0 failed; 0 ignored; 0 measured; 0 filtered out; finished in 1.96s

     Running tests/dashboard_reporting.rs (target/debug/deps/dashboard_reporting-4f36be0cf7242adf)

running 15 tests
test report_push_requires_explicit_enable ... ok
test port_conflict_gives_diagnosis ... ok
test same_session_across_devices_distinct_in_metrics_and_dashboard ... ok
test dashboard_state_matches_cli_metrics ... ok
test report_digest_shows_missing_sources ... ok
test report_push_idempotent_on_lost_response ... ok
test dashboard_state_follows_latest_lifecycle_event ... ok
test report_push_creates_report_branch_and_resource_lock_untouched ... ok
test dashboard_sse_pushes_state_transitions_without_page_refresh ... ok
test report_pending_retry_repushes_and_clears ... ok
test team_digest_merges_workspaces_without_double_counting ... ok
test report_retry_gated_by_switch_and_crossday_snapshot_merged_once ... ok
test dashboard_empty_workspace_shows_empty_state ... ok
test sse_initial_snapshot_without_last_event_id ... ok
test sse_detects_cross_process_append_and_rotation_keeps_history ... ok

test result: ok. 15 passed; 0 failed; 0 ignored; 0 measured; 0 filtered out; finished in 17.75s

     Running tests/doctor_uninstall.rs (target/debug/deps/doctor_uninstall-4ef647a7cc3a887f)

running 6 tests
test doctor_reports_issues_without_source_lock ... ok
test doctor_checks_pass_and_modify_nothing ... ok
test uninstall_keeps_user_modified_targets ... ok
test corrupted_managed_manifest_refuses_guess_delete ... ok
test uninstall_other_workspace_unaffected ... ok
test uninstall_preview_then_execute_and_idempotent ... ok

test result: ok. 6 passed; 0 failed; 0 ignored; 0 measured; 0 filtered out; finished in 1.66s

     Running tests/e2e.rs (target/debug/deps/e2e-6b8f0d459d22e013)

running 1 test
test full_acceptance_chain_two_projects_two_roles ... ok

test result: ok. 1 passed; 0 failed; 0 ignored; 0 measured; 0 filtered out; finished in 2.36s

     Running tests/hook_events.rs (target/debug/deps/hook_events-d587350597b7bcb4)

running 14 tests
test stop_prompt_follows_payload_workspace_not_process_cwd ... ok
test duplicate_delivery_is_idempotent ... ok
test payload_cwd_and_explicit_root_priority ... ok
test stop_prompt_uses_real_session_and_outputs_once ... ok
test hooks_install_idempotent_and_remove_only_managed ... ok
test hook_captures_event_without_storing_prompt_text ... ok
test bad_payload_diagnosed_but_exits_zero ... ok
test registered_hook_commands_produce_standard_events ... ok
test prompt_disabled_no_notice_but_metrics_persist ... ok
test correction_heuristic_end_to_end_via_hook_entry ... ok
test events_survive_prompt_privacy_and_forward_compat ... ok
test redelivery_dedup_but_similar_events_counted_separately ... ok
test unknown_host_event_diagnosed_exit_zero ... ok
test two_concurrent_hook_processes_both_persist ... ok

test result: ok. 14 passed; 0 failed; 0 ignored; 0 measured; 0 filtered out; finished in 3.24s

     Running tests/import_pr.rs (target/debug/deps/import_pr-b3b9635daf22b0a5)

running 13 tests
test pr_same_number_and_head_prefix_across_repos_distinct ... ok
test import_scan_permission_error_fails_loudly ... ok
test pr_candidate_identity_boundaries_and_full_sha ... ok
test import_source_deletion_generates_review_suggestion ... ok
test import_rejects_unknown_project_before_any_write ... ok
test import_preview_execute_dedupe_and_symlink_rejection ... ok
test pr_draft_with_fake_gh_and_dedupe ... ok
test import_hostile_title_renders_valid_resource ... ok
test import_repo_list_same_name_docs_not_overwritten ... ok
test pr_merge_graph_baseline_targeting_snapshot_and_retry ... ok
test pr_state_transitions_stale_merge_and_idempotent_baseline ... ok
test import_target_isolation_and_legacy_checkpoint_compat ... ok
test import_dedup_scope_and_inplace_update ... ok

test result: ok. 13 passed; 0 failed; 0 ignored; 0 measured; 0 filtered out; finished in 4.31s

     Running tests/init.rs (target/debug/deps/init-7c2261e7701a560d)

running 9 tests
test fixture_declarations_validate_with_expected_codes ... ok
test credential_url_rejected_at_cli ... ok
test init_creates_declaration_binding_and_lock ... ok
test manifest_only_a_user_selects_nothing_stays_empty ... ok
test unknown_project_returns_readable_error_and_exit12 ... ok
test repo_move_rebind_keeps_old_workspace ... ok
test two_checkouts_share_cache_but_have_distinct_bindings ... ok
test repeated_init_is_idempotent ... ok
test status_reports_missing_lock_and_binding_drift ... ok

test result: ok. 9 passed; 0 failed; 0 ignored; 0 measured; 0 filtered out; finished in 1.29s

     Running tests/installer.rs (target/debug/deps/installer-ddc705a60c58c668)

running 7 tests
test installer_rejects_unsupported_platform ... ok
test npm_wrapper_locates_local_artifact_and_passes_through ... ok
test installer_uninstall_keeps_user_files ... ok
test installer_sha256_tool_fallback_and_fail_closed ... ok
test installer_installs_and_upgrades_verified_artifacts ... ok
test installer_failed_upgrade_preserves_old_install ... ok
test installer_upgrade_final_switch_failure_restores_old_install ... ok

test result: ok. 7 passed; 0 failed; 0 ignored; 0 measured; 0 filtered out; finished in 7.70s

     Running tests/learnings.rs (target/debug/deps/learnings-fa60045570fedc14)

running 8 tests
test retry_same_learning_does_not_duplicate ... ok
test unknown_namespace_rejected ... ok
test multi_project_binding_requires_explicit_target ... ok
test empty_body_rejected_and_draft_preserved ... ok
test single_project_binding_defaults_to_it_and_marks_project ... ok
test colon_title_contributes_without_yaml_error ... ok
test same_learning_id_survives_title_and_body_edits ... ok
test explicit_shared_required_and_respected ... ok

test result: ok. 8 passed; 0 failed; 0 ignored; 0 measured; 0 filtered out; finished in 2.61s

     Running tests/maintenance.rs (target/debug/deps/maintenance-ee75af7362356d17)

running 5 tests
test maintenance_candidates_require_explicit_negative_signal ... ok
test promotion_draft_preserves_learning_id ... ok
test feedback_event_id_retry_is_idempotent ... ok
test recall_usage_records_and_feedback_accumulates ... ok
test archive_restore_round_trip_via_recall ... ok

test result: ok. 5 passed; 0 failed; 0 ignored; 0 measured; 0 filtered out; finished in 0.76s

     Running tests/membership.rs (target/debug/deps/membership-a1280ad8998a1f97)

running 3 tests
test duplicate_register_is_idempotent ... ok
test register_then_merge_shows_a_plus_b_and_activation_stays_local ... ok
test two_devices_concurrent_updates_do_not_lose_members ... ok

test result: ok. 3 passed; 0 failed; 0 ignored; 0 measured; 0 filtered out; finished in 2.23s

     Running tests/multi_source.rs (target/debug/deps/multi_source-82fc13d1f725bea7)

running 3 tests
test duplicate_identity_rejected_at_init ... ok
test extra_source_offline_keeps_locked_version_primary_unaffected ... ok
test tags_subscription_selects_only_matching_and_conflicts_detected ... ok

test result: ok. 3 passed; 0 failed; 0 ignored; 0 measured; 0 filtered out; finished in 1.85s

     Running tests/personal.rs (target/debug/deps/personal-13651f4ee053a928)

running 4 tests
test ail044_instructions_and_exclude_via_cli ... ok
test ail051_restore_inheritance_via_inherit_state ... ok
test ail044_personal_selection_layers_end_to_end ... ok
test ail044_personal_overlay_on_team_declaration_and_isolation ... ok

test result: ok. 4 passed; 0 failed; 0 ignored; 0 measured; 0 filtered out; finished in 2.26s

     Running tests/personal_instructions.rs (target/debug/deps/personal_instructions-b862b705e142a987)

running 4 tests
test guard_skips_tracked_targets_with_reason ... ok
test claude_additive_and_codex_replacement_semantics ... ok
test exclude_refcount_across_two_worktrees ... ok
test company_files_untouched_through_setup_sync_uninstall ... ok

test result: ok. 4 passed; 0 failed; 0 ignored; 0 measured; 0 filtered out; finished in 0.27s

     Running tests/profile.rs (target/debug/deps/profile-76c35e31719513b1)

running 5 tests
test missing_profile_keeps_pure_v1_semantics ... ok
test contract_fixture_profile_v1_parses ... ok
test corrupted_profile_errors_loudly ... ok
test profile_stored_outside_repo_and_resolves_with_registry ... ok
test subproject_template_missing_dir_is_unmatched_not_created ... ok

test result: ok. 5 passed; 0 failed; 0 ignored; 0 measured; 0 filtered out; finished in 0.23s

     Running tests/recall.rs (target/debug/deps/recall-57d25f4ef49a5863)

running 6 tests
test zero_project_binding_indexes_shared_only ... ok
test isolated_recall_between_projects_with_same_keywords ... ok
test zero_matches_returns_empty_no_random_scores ... ok
test chinese_query_matches_via_bigrams ... ok
test corrupt_or_missing_index_is_rebuilt ... ok
test deleted_document_leaves_no_residue_after_refresh ... ok

test result: ok. 6 passed; 0 failed; 0 ignored; 0 measured; 0 filtered out; finished in 1.59s

     Running tests/resolver.rs (target/debug/deps/resolver-9902195ce49e5bc2)

running 9 tests
test invalid_fixtures_fail_with_expected_codes ... ok
test symlink_escape_in_skill_dir_rejected ... ok
test duplicate_skill_name_in_source_is_rejected_at_parse ... ok
test pm_plus_b_gets_common_pm_b ... ok
test both_projects_union_for_skills_but_learning_ambiguous_excluded_from_selection ... ok
test roles_never_expand_learning_scope ... ok
test dev_plus_a_gets_common_dev_a ... ok
test zero_projects_gets_shared_only ... ok
test tags_do_not_change_identity_or_selection ... ok

test result: ok. 9 passed; 0 failed; 0 ignored; 0 measured; 0 filtered out; finished in 0.30s

     Running tests/retention.rs (target/debug/deps/retention-8dab11bdb9d7e7c0)

running 9 tests
test cleanup_only_touches_own_cache_scope ... ok
test export_is_reimportable_and_excludes_nothing_needed ... ok
test cleanup_refuses_when_pending_report_and_scoped_by_workspace ... ok
test rotate_archives_and_aggregation_keeps_cumulative_values ... ok
test rotate_reinjection_no_double_count_and_unique_archives ... ok
test export_includes_archives_and_bad_lines_reported ... ok
test cleanup_skips_cache_shared_by_sibling_worktree ... ok
test cleanup_scope_and_unreported_protection ... ok
test cleanup_persists_cumulative_baseline_and_entries_stay_consistent ... ok

test result: ok. 9 passed; 0 failed; 0 ignored; 0 measured; 0 filtered out; finished in 0.38s

     Running tests/rework_2026_09_17.rs (target/debug/deps/rework_2026_09_17-83e5fcd2408c51f1)

running 12 tests
test ail070_artifact_history_recoverable ... ok
test ail062_import_transaction_and_tolerant_list ... ok
test ail060_profile_format_preserving_and_conflict ... ok
test ail069_mcp_missing_env_ref_surfaces_in_plan_notes ... ok
test ail058_sequential_worktree_selections_merge ... ok
test ail057_nongit_path_mode_closed_loop ... ok
test ail055_select_targets_explicit_repo ... ok
test ail053_undo_preserves_user_edits_and_is_reentrant ... ok
test ail056_relink_validates_identity_and_preserves_config ... ok
test ail076_baseline_change_resynthesizes_view ... ok
test ail052_tracked_managed_entry_not_deleted ... ok
test ail061_disabled_host_blocks_team_artifacts ... ok

test result: ok. 12 passed; 0 failed; 0 ignored; 0 measured; 0 filtered out; finished in 2.40s

     Running tests/self_repo.rs (target/debug/deps/self_repo-a08dcc1be3c707ff)

running 8 tests
test migrate_boundary_scan_covers_deep_ancestors_leaf_and_source_links ... ok
test migrate_rejects_internal_ancestor_symlink_escape_before_materialize ... ok
test migrate_refuses_overwrite_and_overlap ... ok
test migrate_rejects_out_of_scope_subtrees_and_leaves_sentinel_untouched ... ok
test migrate_materialize_failure_is_retryable ... ok
test contribute_self_cli_creates_reviewable_branch ... ok
test migrate_then_sync_in_self_mode_keeps_business_intact ... ok
test self_mode_offline_and_linked_worktree ... ok

test result: ok. 8 passed; 0 failed; 0 ignored; 0 measured; 0 filtered out; finished in 1.79s

     Running tests/session_metrics.rs (target/debug/deps/session_metrics-725ff14a6ed41e7a)

running 15 tests
test correction_counts_only_within_window_and_examples_do_not_count ... ok
test heuristic_disabled_produces_no_correction_count ... ok
test missing_tokens_reported_unavailable_not_zero ... ok
test prompt_disabled_still_counts ... ok
test cumulative_tokens_take_max_not_sum ... ok
test high_volume_clean_session_never_prompts ... ok
test same_session_string_with_different_tools_not_merged_in_listing ... ok
test share_record_contains_counts_only ... ok
test full_identity_prevents_cross_device_and_cross_tool_merging ... ok
test tool_errors_and_human_interventions_counted_separately ... ok
test workspaces_with_same_session_string_do_not_mix ... ok
test heuristic_config_file_changes_window_and_keywords ... ok
test transcript_ingestion_produces_token_snapshots ... ok
test claim_prompted_is_atomic_and_releasable ... ok
test interventions_beyond_threshold_trigger_once_then_state_persists ... ok

test result: ok. 15 passed; 0 failed; 0 ignored; 0 measured; 0 filtered out; finished in 0.01s

     Running tests/skill_sources.rs (target/debug/deps/skill_sources-77fe6212acdb337c)

running 4 tests
test ail063_source_identity_recorded_and_legacy_is_unknown ... ok
test ail064_git_import_preview_execute_and_multi_skill ... ok
test ail066_upstream_check_update_and_conflict_protection ... ok
test ail067_library_update_to_selected_worktrees_flow ... ok

test result: ok. 4 passed; 0 failed; 0 ignored; 0 measured; 0 filtered out; finished in 1.99s

     Running tests/skill_store_require.rs (target/debug/deps/skill_store_require-ffa27c900aac9475)

running 7 tests
test ticket01_store_symlink_layout_and_idempotent_sync ... ok
test legacy_default_migration_keeps_links_and_device_identity ... ok
test ticket02_require_filters_and_unknown_fails ... ok
test xdg_data_home_store_layout_is_respected ... ok
test ticket03_agent_persona_narrows_require ... ok
test legacy_migration_midway_failure_rolls_back_and_retry_completes ... ok
test ticket04_doctor_broken_link_and_uninstall_keeps_store ... ok

test result: ok. 7 passed; 0 failed; 0 ignored; 0 measured; 0 filtered out; finished in 5.11s

     Running tests/source.rs (target/debug/deps/source-6b21026f24551c2d)

running 9 tests
test credential_url_is_rejected_and_never_logged ... ok
test local_source_digest_tracks_content_and_flags_mutable ... ok
test lock_file_roundtrip_and_save_is_atomic ... ok
test first_time_offline_fails_clearly ... ok
test first_resolve_locks_and_reuses_snapshot ... ok
test invalid_ref_does_not_damage_old_cache ... ok
test offline_uses_existing_snapshot_fetch_failure_keeps_old ... ok
test explicit_refresh_produces_new_revision ... ok
test concurrent_fetch_is_serialized_and_consistent ... ok

test result: ok. 9 passed; 0 failed; 0 ignored; 0 measured; 0 filtered out; finished in 0.63s

     Running tests/source_init.rs (target/debug/deps/source_init-30dc6fb441801cb8)

running 4 tests
test ail043_library_cli_init_import_list ... ok
test scaffold_rejects_overwrite_and_invalid_ids ... ok
test scaffold_minimal_has_no_examples ... ok
test scaffold_then_bind_and_sync_end_to_end ... ok

test result: ok. 4 passed; 0 failed; 0 ignored; 0 measured; 0 filtered out; finished in 0.42s

     Running tests/sync_apply.rs (target/debug/deps/sync_apply-5fec100542e71b0c)

running 14 tests
test concurrent_apply_only_one_wins_lock ... ok
test pending_journal_blocks_new_apply ... ok
test recover_skips_user_modified_and_is_idempotent ... ok
test happy_path_creates_files_and_advances_manifest ... ok
test recovery_protects_later_user_edits ... ok
test repeated_apply_is_noop ... ok
test missing_backup_reports_failure ... ok
test corrupt_backup_reports_failure_and_keeps_journal ... ok
test multi_fragment_same_file_recovery_restores_original_bytes ... ok
test json_multi_entry_recovery_keeps_user_entries ... ok
test user_change_after_plan_rejects_execution ... ok
test injected_failure_leaves_journal_and_recovery_restores ... ok
test toml_array_entry_create_resync_update_and_remove ... ok
test cli_sync_failure_then_recover_restores_agents_md ... ok

test result: ok. 14 passed; 0 failed; 0 ignored; 0 measured; 0 filtered out; finished in 1.08s

     Running tests/sync_plan.rs (target/debug/deps/sync_plan-e44a3117f6164deb)

running 10 tests
test missing_target_with_manifest_is_restore ... ok
test untracked_same_content_is_not_adopted ... ok
test deleted_source_resource_planned_for_cleanup ... ok
test deleted_source_but_user_modified_keeps_and_conflicts ... ok
test fragment_deletion_only_removes_managed_part ... ok
test create_and_noop ... ok
test plan_makes_no_file_changes_and_is_deterministic ... ok
test user_modified_target_is_conflict_not_overwritten ... ok
test untouched_target_with_new_source_content_is_update ... ok
test json_entry_merge_plan_compares_entry_only ... ok

test result: ok. 10 passed; 0 failed; 0 ignored; 0 measured; 0 filtered out; finished in 0.01s

     Running tests/t7t8_test.rs (target/debug/deps/t7t8_test-3a0df8e77ca5f18c)

running 2 tests
test alva_agents_toml_create_and_resync ... ok
test cursor_antigravity_rules_end_to_end ... ok

test result: ok. 2 passed; 0 failed; 0 ignored; 0 measured; 0 filtered out; finished in 0.56s

     Running tests/test_isolation.rs (target/debug/deps/test_isolation-f33a17f22bb6f141)

running 2 tests
test no_override_vars_falls_back_to_home_layout ... ok
test runner_overrides_do_not_leak_into_sentinel_paths ... ok

test result: ok. 2 passed; 0 failed; 0 ignored; 0 measured; 0 filtered out; finished in 0.65s

     Running tests/workspace.rs (target/debug/deps/workspace-a3ce213520d05b39)

running 10 tests
test discovery_fails_without_git_or_declaration ... ok
test cache_key_stable_across_root_path_changes_of_same_remote ... ok
test declaration_root_resources_write_to_current_checkout ... ok
test ail039_worktree_path_with_newline_survives_porcelain_z ... ok
test layout_binding_and_cache_partitioning ... ok
test two_worktrees_different_bindings_do_not_interfere ... ok
test ail039_worktree_states_and_registry_lifecycle ... ok
test ail039_subproject_scope_boundaries ... ok
test ail039_same_repo_from_main_wt_linked_wt_and_subdir_declaration ... ok
test ail039_common_dir_groups_and_same_origin_only_suggested ... ok

test result: ok. 10 passed; 0 failed; 0 ignored; 0 measured; 0 filtered out; finished in 0.57s

   Doc-tests ailoom

running 0 tests

test result: ok. 0 passed; 0 failed; 0 ignored; 0 measured; 0 filtered out; finished in 0.00s

